// Jest Snapshot v1, https://goo.gl/fbAQLP

exports[`App drops the right HTML 1`] = `"<div id=\\"root\\" class=\\"app-root\\"><noscript data-reactroot=\\"\\"></noscript></div><div id=\\"root\\" class=\\"app-root\\"><span data-reactroot=\\"\\"><div></div></span></div>"`;
